\BOOKMARK [1][-]{section*.2}{\376\377\000I\000n\000t\000r\000o\000d\000u\000c\000t\000i\000o\000n}{}% 1
\BOOKMARK [2][-]{section*.3}{\376\377\000C\000o\000n\000t\000e\000x\000t\000\040\000a\000n\000d\000\040\000m\000o\000t\000i\000v\000a\000t\000i\000o\000n}{section*.2}% 2
\BOOKMARK [2][-]{section*.4}{\376\377\000P\000r\000o\000b\000l\000e\000m\000\040\000s\000t\000a\000t\000e\000m\000e\000n\000t}{section*.2}% 3
\BOOKMARK [2][-]{section*.5}{\376\377\000C\000o\000n\000t\000r\000i\000b\000u\000t\000i\000o\000n\000s}{section*.2}% 4
\BOOKMARK [2][-]{section*.6}{\376\377\000P\000a\000p\000e\000r\000\040\000o\000r\000g\000a\000n\000i\000z\000a\000t\000i\000o\000n}{section*.2}% 5
\BOOKMARK [1][-]{section*.7}{\376\377\000R\000e\000l\000a\000t\000e\000d\000\040\000W\000o\000r\000k}{}% 6
\BOOKMARK [2][-]{section*.8}{\376\377\000A\000d\000a\000p\000t\000i\000v\000e\000\040\000d\000a\000t\000a\000\040\000v\000i\000s\000u\000a\000l\000i\000z\000a\000t\000i\000o\000n}{section*.7}% 7
\BOOKMARK [2][-]{section*.9}{\376\377\000V\000i\000s\000u\000a\000l\000i\000z\000a\000t\000i\000o\000n\000\040\000r\000e\000c\000o\000m\000m\000e\000n\000d\000e\000r\000s\000\040\000a\000n\000d\000\040\000p\000r\000o\000g\000r\000e\000s\000s\000i\000v\000e\000\040\000d\000i\000s\000c\000l\000o\000s\000u\000r\000e}{section*.7}% 8
\BOOKMARK [2][-]{section*.10}{\376\377\000D\000a\000s\000h\000b\000o\000a\000r\000d\000\040\000D\000e\000s\000i\000g\000n\000\040\000a\000n\000d\000\040\000U\000s\000e\000r\000-\000C\000e\000n\000t\000e\000r\000e\000d\000\040\000C\000h\000a\000l\000l\000e\000n\000g\000e\000s}{section*.7}% 9
\BOOKMARK [2][-]{section*.11}{\376\377\000U\000s\000e\000r\000\040\000M\000o\000d\000e\000l\000i\000n\000g\000\040\000a\000n\000d\000\040\000L\000i\000t\000e\000r\000a\000c\000y\000\040\000A\000s\000s\000e\000s\000s\000m\000e\000n\000t}{section*.7}% 10
\BOOKMARK [2][-]{section*.12}{\376\377\000P\000o\000s\000i\000t\000i\000o\000n\000i\000n\000g\000\040\000O\000u\000r\000\040\000C\000o\000n\000t\000r\000i\000b\000u\000t\000i\000o\000n}{section*.7}% 11
\BOOKMARK [1][-]{section*.13}{\376\377\000C\000o\000n\000c\000e\000p\000t\000u\000a\000l\000\040\000M\000e\000t\000a\000-\000D\000e\000s\000i\000g\000n\000\040\000F\000r\000a\000m\000e\000w\000o\000r\000k}{}% 12
\BOOKMARK [2][-]{section*.14}{\376\377\000L\000e\000v\000e\000l\000\040\0000\000:\000\040\000T\000h\000e\000\040\000D\000a\000t\000u\000m}{section*.13}% 13
\BOOKMARK [2][-]{section*.16}{\376\377\000L\000e\000v\000e\000l\000\040\0001\000:\000\040\000S\000i\000n\000g\000l\000e\000\040\000E\000n\000t\000i\000t\000y\000\040\000o\000r\000\040\000S\000i\000n\000g\000l\000e\000\040\000A\000t\000t\000r\000i\000b\000u\000t\000e}{section*.13}% 14
\BOOKMARK [2][-]{section*.18}{\376\377\000L\000e\000v\000e\000l\000\040\0002\000:\000\040\000S\000i\000n\000g\000l\000e\000\040\000D\000a\000t\000a\000s\000e\000t\000\040\000w\000i\000t\000h\000\040\000M\000u\000l\000t\000i\000p\000l\000e\000\040\000E\000n\000t\000i\000t\000i\000e\000s\000\040\000a\000n\000d\000\040\000A\000t\000t\000r\000i\000b\000u\000t\000e\000s}{section*.13}% 15
\BOOKMARK [2][-]{section*.20}{\376\377\000L\000e\000v\000e\000l\000\040\0003\000:\000\040\000L\000i\000n\000k\000a\000b\000l\000e\000\040\000M\000u\000l\000t\000i\000-\000L\000e\000v\000e\000l\000\040\000D\000a\000t\000a\000s\000e\000t\000s}{section*.13}% 16
\BOOKMARK [2][-]{section*.22}{\376\377\000L\000e\000v\000e\000l\000\040\0004\000:\000\040\000U\000n\000l\000i\000n\000k\000a\000b\000l\000e\000\040\000M\000u\000l\000t\000i\000-\000L\000e\000v\000e\000l\000\040\000D\000a\000t\000a\000s\000e\000t\000s}{section*.13}% 17
\BOOKMARK [2][-]{section*.23}{\376\377\000S\000u\000m\000m\000a\000r\000y}{section*.13}% 18
\BOOKMARK [1][-]{section*.24}{\376\377\000F\000o\000r\000m\000a\000l\000\040\000C\000o\000m\000p\000l\000e\000x\000i\000t\000y\000\040\000A\000n\000a\000l\000y\000s\000i\000s}{}% 19
\BOOKMARK [2][-]{section*.25}{\376\377\000D\000e\000f\000i\000n\000i\000t\000i\000o\000n\000\040\000o\000f\000\040\000D\000a\000t\000a\000s\000e\000t\000\040\000C\000o\000m\000p\000l\000e\000x\000i\000t\000y}{section*.24}% 20
\BOOKMARK [2][-]{section*.31}{\376\377\000C\000o\000m\000p\000l\000e\000x\000i\000t\000y\000\040\000R\000e\000d\000u\000c\000t\000i\000o\000n}{section*.24}% 21
\BOOKMARK [3][-]{section*.32}{\376\377\000L\000e\000v\000e\000l\000\040\0004\000\040\000t\000o\000\040\000L\000e\000v\000e\000l\000\040\0003}{section*.31}% 22
\BOOKMARK [3][-]{section*.33}{\376\377\000L\000e\000v\000e\000l\000\040\0003\000\040\000t\000o\000\040\000L\000e\000v\000e\000l\000\040\0002}{section*.31}% 23
\BOOKMARK [3][-]{section*.34}{\376\377\000L\000e\000v\000e\000l\000\040\0002\000\040\000t\000o\000\040\000L\000e\000v\000e\000l\000\040\0001}{section*.31}% 24
\BOOKMARK [3][-]{section*.35}{\376\377\000L\000e\000v\000e\000l\000\040\0001\000\040\000t\000o\000\040\000L\000e\000v\000e\000l\000\040\0000}{section*.31}% 25
\BOOKMARK [1][-]{section*.36}{\376\377\000C\000a\000s\000e\000\040\000S\000t\000u\000d\000y\000\040\000a\000n\000d\000\040\000I\000m\000p\000l\000e\000m\000e\000n\000t\000a\000t\000i\000o\000n}{}% 26
\BOOKMARK [2][-]{section*.37}{\376\377\000C\000a\000s\000e\000\040\000s\000t\000u\000d\000y}{section*.36}% 27
\BOOKMARK [3][-]{section*.38}{\376\377\000P\000r\000o\000b\000l\000e\000m\000\040\000c\000o\000n\000t\000e\000x\000t}{section*.37}% 28
\BOOKMARK [3][-]{section*.39}{\376\377\000T\000h\000e\000\040\000D\000e\000s\000c\000e\000n\000t\000\040\000P\000h\000a\000s\000e\000\040\000\050\000L\0004\000\040\000\040\000L\0000\000\051}{section*.37}% 29
\BOOKMARK [3][-]{section*.40}{\376\377\000T\000h\000e\000\040\000A\000s\000c\000e\000n\000t\000\040\000P\000h\000a\000s\000e\000\040\000\050\000L\0000\000\040\000\040\000L\0003\000\051}{section*.37}% 30
\BOOKMARK [3][-]{section*.41}{\376\377\000R\000e\000s\000u\000l\000t\000s}{section*.37}% 31
\BOOKMARK [2][-]{section*.43}{\376\377\000I\000m\000p\000l\000e\000m\000e\000n\000t\000a\000t\000i\000o\000n\000\040\000:\000\040\000t\000h\000e\000\040\000I\000n\000t\000u\000i\000t\000i\000v\000n\000e\000s\000s\000\040\000p\000a\000c\000k\000a\000g\000e}{section*.36}% 32
\BOOKMARK [3][-]{section*.44}{\376\377\000A\000d\000a\000p\000t\000i\000v\000e\000\040\000d\000a\000t\000a\000\040\000s\000t\000r\000u\000c\000t\000u\000r\000e\000s\000.}{section*.43}% 33
\BOOKMARK [3][-]{section*.45}{\376\377\000A\000I\000-\000p\000o\000w\000e\000r\000e\000d\000\040\000e\000n\000t\000i\000t\000y\000\040\000d\000i\000s\000c\000o\000v\000e\000r\000y\000.}{section*.43}% 34
\BOOKMARK [3][-]{section*.46}{\376\377\000S\000e\000m\000a\000n\000t\000i\000c\000\040\000d\000o\000m\000a\000i\000n\000\040\000m\000a\000t\000c\000h\000i\000n\000g\000.}{section*.43}% 35
\BOOKMARK [3][-]{section*.47}{\376\377\000N\000a\000v\000i\000g\000a\000t\000i\000o\000n\000\040\000a\000n\000d\000\040\000p\000e\000r\000s\000i\000s\000t\000e\000n\000c\000e\000.}{section*.43}% 36
\BOOKMARK [3][-]{section*.48}{\376\377\000I\000n\000t\000e\000r\000a\000c\000t\000i\000v\000e\000\040\000i\000n\000t\000e\000r\000f\000a\000c\000e\000.}{section*.43}% 37
\BOOKMARK [3][-]{section*.49}{\376\377\000D\000a\000t\000a\000.\000g\000o\000u\000v\000.\000f\000r\000\040\000i\000n\000t\000e\000g\000r\000a\000t\000i\000o\000n\000.}{section*.43}% 38
\BOOKMARK [1][-]{section*.50}{\376\377\000D\000i\000s\000c\000u\000s\000s\000i\000o\000n}{}% 39
\BOOKMARK [2][-]{section*.51}{\376\377\000I\000m\000p\000l\000i\000c\000a\000t\000i\000o\000n\000s\000\040\000f\000o\000r\000\040\000P\000r\000a\000c\000t\000i\000c\000e}{section*.50}% 40
\BOOKMARK [3][-]{section*.52}{\376\377\000F\000o\000r\000\040\000O\000p\000e\000n\000\040\000D\000a\000t\000a\000\040\000P\000l\000a\000t\000f\000o\000r\000m\000s}{section*.51}% 41
\BOOKMARK [3][-]{section*.53}{\376\377\000F\000o\000r\000\040\000D\000a\000t\000a\000s\000e\000t\000\040\000D\000e\000s\000i\000g\000n\000e\000r\000s}{section*.51}% 42
\BOOKMARK [3][-]{section*.54}{\376\377\000F\000o\000r\000\040\000D\000a\000t\000a\000\040\000L\000i\000t\000e\000r\000a\000c\000y\000\040\000I\000n\000i\000t\000i\000a\000t\000i\000v\000e\000s}{section*.51}% 43
\BOOKMARK [3][-]{section*.55}{\376\377\000I\000n\000t\000e\000g\000r\000a\000t\000i\000o\000n\000\040\000w\000i\000t\000h\000\040\000K\000n\000o\000w\000l\000e\000d\000g\000e\000\040\000G\000r\000a\000p\000h\000s}{section*.51}% 44
\BOOKMARK [2][-]{section*.56}{\376\377\000L\000i\000m\000i\000t\000a\000t\000i\000o\000n\000s}{section*.50}% 45
\BOOKMARK [3][-]{section*.57}{\376\377\000T\000h\000e\000o\000r\000e\000t\000i\000c\000a\000l\000\040\000C\000o\000n\000s\000t\000r\000a\000i\000n\000t\000s}{section*.56}% 46
\BOOKMARK [3][-]{section*.58}{\376\377\000P\000a\000c\000k\000a\000g\000e\000\040\000a\000n\000d\000\040\000i\000n\000t\000e\000r\000f\000a\000c\000e\000\040\000i\000m\000p\000l\000e\000m\000e\000n\000t\000a\000t\000i\000o\000n\000\040\000C\000o\000n\000s\000t\000r\000a\000i\000n\000t\000s}{section*.56}% 47
\BOOKMARK [3][-]{section*.59}{\376\377\000V\000a\000l\000i\000d\000a\000t\000i\000o\000n\000\040\000S\000c\000o\000p\000e}{section*.56}% 48
\BOOKMARK [3][-]{section*.60}{\376\377\000S\000c\000o\000p\000e\000\040\000B\000o\000u\000n\000d\000a\000r\000i\000e\000s}{section*.56}% 49
\BOOKMARK [1][-]{section*.61}{\376\377\000C\000o\000n\000c\000l\000u\000s\000i\000o\000n\000\040\000a\000n\000d\000\040\000F\000u\000t\000u\000r\000e\000\040\000W\000o\000r\000k}{}% 50
\BOOKMARK [2][-]{section*.62}{\376\377\000F\000u\000t\000u\000r\000e\000\040\000W\000o\000r\000k}{section*.61}% 51
